// Vitest Snapshot v1, https://vitest.dev/guide/snapshot.html

exports[`test for Login component > should match snapshot 1`] = `null`;

exports[`test for Login component should match snapshot 1`] = `null`;
