// Vitest Snapshot v1, https://vitest.dev/guide/snapshot.html

exports[`DashBoard > should match snapshot 1`] = `
<div
  className="dash-board"
>
  <h1>
    DashBoard
  </h1>
</div>
`;
