// Vitest Snapshot v1, https://vitest.dev/guide/snapshot.html

exports[`UserDetails > should match snapshot 1`] = `
<div
  className="skeleton"
>
  <div
    className="skeleton-line-1"
  />
  <div
    className="skeleton-line-2"
  />
  <div
    className="skeleton-line-3"
  />
</div>
`;
