// Vitest Snapshot v1, https://vitest.dev/guide/snapshot.html

exports[`test for SideBar component > should match snapshot 1`] = `
<div
  className="sidebar"
>
  <section
    className="profile-more-options"
    data-testid="profile-more-options"
  >
    <div
      className="profile-info"
    >
      <span
        className="avatar"
      >
        <img
          alt=""
          data-testid="avatar"
          src="/src/assets/images/Profile.png"
        />
      </span>
      <span
        data-testid="user-name-2"
      >
        Adeji
      </span>
    </div>
    <a
      href="/"
      onClick={[Function]}
    >
      <div
        className="top-bottom-icon-duo"
      >
        <svg
          data-testid="notification-drawer-icon"
          fill="currentColor"
          height="1em"
          stroke="currentColor"
          strokeWidth="0"
          style={
            {
              "color": undefined,
            }
          }
          viewBox="0 0 1024 1024"
          width="1em"
          xmlns="http://www.w3.org/2000/svg"
        >
          <path
            d="M816 768h-24V428c0-141.1-104.3-257.8-240-277.2V112c0-22.1-17.9-40-40-40s-40 17.9-40 40v38.8C336.3 170.2 232 286.9 232 428v340h-24c-17.7 0-32 14.3-32 32v32c0 4.4 3.6 8 8 8h216c0 61.8 50.2 112 112 112s112-50.2 112-112h216c4.4 0 8-3.6 8-8v-32c0-17.7-14.3-32-32-32zM512 888c-26.5 0-48-21.5-48-48h96c0 26.5-21.5 48-48 48z"
          />
        </svg>
      </div>
      <span>
         Notifications
      </span>
    </a>
    <a
      href="/"
      onClick={[Function]}
    >
      <div
        className="top-bottom-icon-duo"
      >
        <svg
          aria-hidden="true"
          data-testid="docs-drawer-icon"
          fill="currentColor"
          height="1em"
          stroke="currentColor"
          strokeWidth="0"
          style={
            {
              "color": undefined,
            }
          }
          viewBox="0 0 20 20"
          width="1em"
          xmlns="http://www.w3.org/2000/svg"
        >
          <path
            clipRule="evenodd"
            d="M4 4a2 2 0 012-2h4.586A2 2 0 0112 2.586L15.414 6A2 2 0 0116 7.414V16a2 2 0 01-2 2H6a2 2 0 01-2-2V4z"
            fillRule="evenodd"
          />
        </svg>
      </div>
      <span>
        Docs
      </span>
    </a>
  </section>
  <section
    className="top"
  >
    <a
      className="org"
      href="/"
      onClick={[Function]}
    >
      <div
        className="top-bottom-icon-duo"
      >
        <img
          alt="switch-organization-icon-1"
          src="/src/assets/svg/sidebar/OrganizationTop.svg"
        />
        <img
          alt="switch-organization-icon-2"
          src="/src/assets/svg/sidebar/OrganizationBottom.svg"
        />
      </div>
      <span>
        Switch Organization
      </span>
      <svg
        fill="currentColor"
        height="1em"
        stroke="currentColor"
        strokeWidth="0"
        style={
          {
            "color": undefined,
          }
        }
        viewBox="0 0 24 24"
        width="1em"
        xmlns="http://www.w3.org/2000/svg"
      >
        <path
          d="M16.293 9.293 12 13.586 7.707 9.293l-1.414 1.414L12 16.414l5.707-5.707z"
        />
      </svg>
    </a>
    <a
      href="/"
      onClick={[Function]}
    >
      <div
        className="top-bottom-icon-duo"
      >
        <img
          alt="dashboard-icons-1"
          src="/src/assets/svg/sidebar/DashBoardTop.svg"
        />
        <img
          alt="dashboard-icon-2"
          className="dash-board-bottom"
          src="/src/assets/svg/sidebar/DashBoardBottom.svg"
        />
      </div>
      <span>
        Dash Board
      </span>
    </a>
  </section>
  <section
    className="middle"
  >
    <h3>
      Customers
    </h3>
    <a
      href="/users"
      onClick={[Function]}
    >
      <img
        alt="users-icon"
        src="/src/assets/svg/sidebar/Users.svg"
      />
      <span>
        Users
      </span>
    </a>
    <a
      href="/"
      onClick={[Function]}
    >
      <img
        alt="guarantors-icon"
        src="/src/assets/svg/sidebar/Guarantors.svg"
      />
      <span>
        Guarantors
      </span>
    </a>
    <a
      href="/"
      onClick={[Function]}
    >
      <img
        alt="loans-icon"
        src="/src/assets/svg/sidebar/Loans.svg"
      />
      <span>
        Loans
      </span>
    </a>
    <a
      href="/"
      onClick={[Function]}
    >
      <img
        alt="decision-icon"
        src="/src/assets/svg/sidebar/Decision.svg"
      />
      <span>
        Decision Model
      </span>
    </a>
    <a
      href="/"
      onClick={[Function]}
    >
      <img
        alt="savings-icon"
        src="/src/assets/svg/sidebar/Savings.svg"
      />
      <span>
        Savings
      </span>
    </a>
    <a
      href="/"
      onClick={[Function]}
    >
      <img
        alt="loan-request-icon"
        src="/src/assets/svg/sidebar/LoanRequests.svg"
      />
      <span>
        Loan Requests
      </span>
    </a>
    <a
      href="/"
      onClick={[Function]}
    >
      <img
        alt="white-list-icon"
        src="/src/assets/svg/sidebar/WhiteList.svg"
      />
      <span>
        whiteList
      </span>
    </a>
    <a
      href="/"
      onClick={[Function]}
    >
      <img
        alt="karma-icon"
        src="/src/assets/svg/sidebar/Karma.svg"
      />
      <span>
        Karma
      </span>
    </a>
    <h3>
      Businesses
    </h3>
    <a
      href="/"
      onClick={[Function]}
    >
      <img
        alt="organization-icon"
        src="/src/assets/svg/sidebar/briefcase.svg"
      />
      <span>
        Organization
      </span>
    </a>
    <a
      href="/"
      onClick={[Function]}
    >
      <img
        alt="loan-products-icon"
        src="/src/assets/svg/sidebar/Guarantors.svg"
      />
      <span>
        Loan Products
      </span>
    </a>
    <a
      href="/"
      onClick={[Function]}
    >
      <img
        alt="savings-product-icon"
        src="/src/assets/svg/sidebar/SavingsNew.svg"
      />
      <span>
        Savings Products
      </span>
    </a>
    <a
      href="/"
      onClick={[Function]}
    >
      <img
        alt="fees-and-charges-icon"
        src="/src/assets/svg/sidebar/fees.svg"
      />
      <span>
        Fees and Charges
      </span>
    </a>
    <a
      href="/"
      onClick={[Function]}
    >
      <img
        alt="transactions-icon"
        src="/src/assets/svg/sidebar/trans.svg"
      />
      <span>
        Transactions
      </span>
    </a>
    <a
      href="/"
      onClick={[Function]}
    >
      <img
        alt="services-icon"
        src="/src/assets/svg/sidebar/Services.svg"
      />
      <span>
        Services
      </span>
    </a>
    <a
      href="/"
      onClick={[Function]}
    >
      <img
        alt="service-amount-icon"
        src="/src/assets/svg/sidebar/ServiceAmount.svg"
      />
      <span>
        Service Account
      </span>
    </a>
    <a
      href="/"
      onClick={[Function]}
    >
      <img
        alt="settlements-icon"
        src="/src/assets/svg/sidebar/settlements.svg"
      />
      <span>
        Settlements
      </span>
    </a>
    <a
      href="/"
      onClick={[Function]}
    >
      <img
        alt="reports-icon"
        src="/src/assets/svg/sidebar/chart-bar.svg"
      />
      <span>
        Reports
      </span>
    </a>
    <span
      className="end-section"
    >
      <h3>
        Businesses
      </h3>
      <a
        href="/"
        onClick={[Function]}
      >
        <img
          alt="preferences-icon"
          src="/src/assets/svg/sidebar/Preferences.svg"
        />
        <span>
          Preferences
        </span>
      </a>
      <a
        href="/"
        onClick={[Function]}
      >
        <img
          alt="fees-and-pricing-icon"
          src="/src/assets/svg/sidebar/pricing.svg"
        />
        <span>
          Fees and Pricing
        </span>
      </a>
      <a
        href="/"
        onClick={[Function]}
      >
        <img
          alt="audit-logs-icon"
          src="/src/assets/svg/sidebar/auditLogs.svg"
        />
        <span>
          Audit Logs
        </span>
      </a>
      <a
        href="/"
        onClick={[Function]}
      >
        <img
          alt="systen-messages-icon"
          src="/src/assets/svg/sidebar/sysmessages.svg"
        />
        <span>
          System Messages
        </span>
      </a>
    </span>
    <div
      className="log-out-section"
    >
      <span
        className="log-out"
        onClick={[Function]}
      >
        <img
          alt="log-out-icon"
          src="/src/assets/svg/sidebar/sign-out.svg"
        />
        <span>
          Logout
        </span>
      </span>
      <span
        className="v1"
      >
        v1.2.0
      </span>
    </div>
  </section>
  <section
    className="bottom"
  />
</div>
`;
